// Jest Snapshot v1, https://goo.gl/fbAQLP

exports[`Beagle snapshot Accessibility 1`] = `
<BeagleText
  className="test-class"
  text="Test"
/>
`;
