// Jest Snapshot v1, https://goo.gl/fbAQLP

exports[`Beagle snapshot SimpleForm 1`] = `
<ComponentWithTheme
  onSubmit={[MockFunction]}
>
  <Form
    className=""
    onSubmit={[MockFunction]}
  >
    <form
      className=""
      onSubmit={[Function]}
    >
      <ComponentWithTheme
        disabled={false}
        placeholder="Testing"
        readOnly={false}
        type="TEXT"
        value="Teste"
      >
        <BeagleInput
          className=""
          disabled={false}
          placeholder="Testing"
          readOnly={false}
          type="TEXT"
          value="Teste"
        >
          <styled.input
            className=""
            disabled={false}
            onBlur={[Function]}
            onChange={[Function]}
            onFocus={[Function]}
            placeholder="Testing"
            readOnly={false}
            style={Object {}}
            type="TEXT"
            value="Teste"
          >
            <input
              className="sc-gsTCUz cbPgpe"
              disabled={false}
              onBlur={[Function]}
              onChange={[Function]}
              onFocus={[Function]}
              placeholder="Testing"
              readOnly={false}
              style={Object {}}
              type="TEXT"
              value="Teste"
            />
          </styled.input>
        </BeagleInput>
      </ComponentWithTheme>
    </form>
  </Form>
</ComponentWithTheme>
`;
