// Jest Snapshot v1, https://goo.gl/fbAQLP

exports[`Beagle snapshot WebView 1`] = `
<BeagleWebView
  className="Test Class"
  url="mockurl.com"
/>
`;
