// Jest Snapshot v1, https://goo.gl/fbAQLP

exports[`Beagle snapshot grid view 1`] = `
<ComponentWithTheme
  className="Test Class"
  dataSource={
    Array [
      "testA",
      "testB",
      "testC",
    ]
  }
  listType="GRID"
  numColumns={5}
  style={
    Object {
      "height": "100",
      "width": "50",
    }
  }
  template={
    Object {
      "_beagleComponent_": "beagle:text",
      "text": "@item",
    }
  }
/>
`;
