// Jest Snapshot v1, https://goo.gl/fbAQLP

exports[`Beagle snapshot Text 1`] = `
<BeagleText
  className="Test Class"
  text="Test"
/>
`;
