// Jest Snapshot v1, https://goo.gl/fbAQLP

exports[`Beagle snapshot Input 1`] = `
<ComponentWithTheme
  disabled={false}
  onBlur={[MockFunction]}
  onChange={[MockFunction]}
  onFocus={[MockFunction]}
  placeholder="Testing"
  readOnly={false}
  type="TEXT"
  value="Testing"
>
  <BeagleInput
    className=""
    disabled={false}
    onBlur={[MockFunction]}
    onChange={[MockFunction]}
    onFocus={[MockFunction]}
    placeholder="Testing"
    readOnly={false}
    type="TEXT"
    value="Testing"
  >
    <styled.input
      aria-disabled={false}
      aria-placeholder="Testing"
      aria-readonly={false}
      className=""
      disabled={false}
      onBlur={[Function]}
      onChange={[Function]}
      onFocus={[Function]}
      placeholder="Testing"
      readOnly={false}
      style={Object {}}
      type="TEXT"
      value="Testing"
    >
      <input
        aria-disabled={false}
        aria-placeholder="Testing"
        aria-readonly={false}
        className="sc-gsTCUz cbPgpe"
        disabled={false}
        onBlur={[Function]}
        onChange={[Function]}
        onFocus={[Function]}
        placeholder="Testing"
        readOnly={false}
        style={Object {}}
        type="TEXT"
        value="Testing"
      />
    </styled.input>
  </BeagleInput>
</ComponentWithTheme>
`;
