// Jest Snapshot v1, https://goo.gl/fbAQLP

exports[`Beagle snapshot image 1`] = `
<ComponentWithTheme
  accessibility={
    Object {
      "accessibilityLabel": "Test label",
      "accessible": true,
    }
  }
  className="Test Class"
  path={
    Object {
      "_beagleImagePath_": "local",
      "url": "mytesteimg.png",
    }
  }
  style={
    Object {
      "height": "100",
      "width": "50",
    }
  }
>
  <BeagleImage
    accessibility={
      Object {
        "accessibilityLabel": "Test label",
        "accessible": true,
      }
    }
    className="Test Class"
    path={
      Object {
        "_beagleImagePath_": "local",
        "url": "mytesteimg.png",
      }
    }
    style={
      Object {
        "height": "100",
        "width": "50",
      }
    }
  >
    <styled.figure
      className="Test Class"
      style={
        Object {
          "height": "100",
          "width": "50",
        }
      }
    >
      <figure
        className="sc-gsTCUz crUlbz Test Class"
        style={
          Object {
            "height": "100",
            "width": "50",
          }
        }
      >
        <styled.img
          alt="Test label"
          mode="cover"
          src="mytesteimg.png"
        >
          <img
            alt="Test label"
            className="sc-bdfBwQ ednZQG"
            mode="cover"
            src="mytesteimg.png"
          />
        </styled.img>
      </figure>
    </styled.figure>
  </BeagleImage>
</ComponentWithTheme>
`;
