// Jest Snapshot v1, https://goo.gl/fbAQLP

exports[`Beagle snapshot Touchable 1`] = `
<BeagleTouchable
  className=""
  onPress={[MockFunction]}
>
  <p>
    Important Content
  </p>
</BeagleTouchable>
`;
