// Jest Snapshot v1, https://goo.gl/fbAQLP

exports[`Beagle snapshot Markdown 1`] = `
<ComponentWithTheme
  text="#Beagle Test"
>
  <Markdown
    className=""
    text="#Beagle Test"
  >
    <styled.div
      className=""
    >
      <div
        className="sc-bdnylx hqWHdt"
      />
    </styled.div>
  </Markdown>
</ComponentWithTheme>
`;
