// Jest Snapshot v1, https://goo.gl/fbAQLP

exports[`Beagle snapshot Text 1`] = `
.c0 {
  color: inherit;
  text-align: inherit;
  margin: 0;
  white-space: pre-wrap;
  overflow-wrap: break-word;
}

<ComponentWithTheme
  className="text-class"
  text="Test"
>
  <BeagleText
    className="text-class"
    text="Test"
  >
    <styled.p
      className="text-class"
    >
      <p
        className="c0 text-class"
      >
        Test
      </p>
    </styled.p>
  </BeagleText>
</ComponentWithTheme>
`;
