// Jest Snapshot v1, https://goo.gl/fbAQLP

exports[`Beagle snapshot image 1`] = `
<BeagleImage
  accessibility={
    Object {
      "accessibilityLabel": "Test label",
      "accessible": true,
    }
  }
  className="Test Class"
  path={
    Object {
      "_beagleImagePath_": "local",
      "url": "mytesteimg.png",
    }
  }
  style={
    Object {
      "height": "100",
      "width": "50",
    }
  }
/>
`;
